// Jest Snapshot v1, https://goo.gl/fbAQLP

exports[`should render correctly 1`] = `
<form
  class="col-12 searchForm"
>
  <div
    class="formGroup"
  >
    <input
      class="form-control"
      maxlength="50"
      placeholder="Search for a topic, full name, or @username"
      type="text"
      value=""
    />
    <button
      class="btn btn-success"
      type="submit"
    >
      Search
    </button>
  </div>
</form>
`;
